[1mpj[m                                                                         [2m10:00[m
[2m  /home/user/projects/pj[m
  Project tracker and launcher CLI

[1mbooster[m                                                          [2mYesterday 08:00[m
[2m  /home/user/projects/booster[m
  Go build tool with plugin architecture
